
> openendovasculartrainer@1.0.0 build
> vite build

vite v7.3.5 building client environment for production...
transforming...
✓ 320 modules transformed.
rendering chunks...
computing gzip size...
dist/shared-axis-lab.html                                 3.79 kB │ gzip:   1.74 kB
dist/index.html                                          51.77 kB │ gzip:   9.35 kB
dist/assets/skeleton.worker-DkRGimbZ.js                 125.31 kB
dist/assets/skeleton-Dp2oxfet.obj                    19,214.17 kB
dist/assets/Aorta_plain-BdOgA_m6.stl                 52,286.83 kB
dist/assets/Aorta_plain.collision-CwTvq9Lp.bin       63,921.56 kB
dist/assets/index-DMIugAIR.css                           37.95 kB │ gzip:   8.19 kB
dist/assets/modulepreload-polyfill-B5Qt9EMX.js            0.71 kB │ gzip:   0.40 kB
dist/assets/index-hZTW4ko7.js                             1.79 kB │ gzip:   1.01 kB
dist/assets/shared-axis-lab-dDtaEAZU.js                   3.67 kB │ gzip:   1.73 kB
dist/assets/kirchhoffSharedAxisContacts-BVCCT_Gc.js   1,195.16 kB │ gzip: 341.14 kB
dist/assets/simulator-Bz1j9tpZ.js                     3,461.27 kB │ gzip: 748.40 kB

(!) Some chunks are larger than 500 kB after minification. Consider:
- Using dynamic import() to code-split the application
- Use build.rollupOptions.output.manualChunks to improve chunking: https://rollupjs.org/configuration-options/#output-manualchunks
- Adjust chunk size limit for this warning via build.chunkSizeWarningLimit.
✓ built in 3.54s
