✔ one-shot slice budgets preserve physical dt, prepared inputs and atomic publication (36.373166ms)
✔ adaptive provider publishes actual mechanical nodes atomically and clears mesh diagnostics on reset (21.186208ms)
✔ adaptive tolerance changes preserve a pending step and wake an unchanged sleeping state (58.25875ms)
✔ contact margin applies after a pending solve and wakes a sleeping adaptive provider (74.036834ms)
✔ arc-loss and spacing controls are frozen during a pending step and wake sleeping physics (32.833292ms)
✔ shared-axis selection installs its whole-step provider without the split coupled kernel (0.900583ms)
✔ pending global solves publish both tools atomically and freeze prepared controls (9.595416ms)
✔ World consumes one prepared dt only after cooperative completion (19.453167ms)
✔ independent feed and proximal spin share exactly one overlap curve in world coordinates (24.794458ms)
✔ sampling translates local coordinates once and extrapolates the exposed proximal reservoir (0.154791ms)
✔ reset abandons private work and clears both published curves and solver counters (2.307958ms)
✔ missing anatomy rejects without preparing tools or publishing geometry (0.1415ms)
✔ unchanged settled commands sleep with stable diagnostics and parameter changes wake the solver (30.155708ms)
✔ a throwing geometry callback preserves both published bodies and reset permits recovery (118.2335ms)
✔ terminal failure is latched, rolls back input, and a changed command resumes without resetting the accepted solver (11.594916ms)
✔ catheter material stiffness changes the solved transient shape, not only the command key (104.544667ms)
✔ whole-step diagnostics sum wall-load fallbacks and their cost across rejected and accepted subdivisions (5.65775ms)
✔ rejection records the accepted state and frozen command; replay survives JSON and later recovery (14.512667ms)
✔ PD provider publishes only complete steps and keeps its solver identity and actual DOF count (9.67475ms)
✔ fast Newton provider is explicit, forwards its counters and is disabled for projective dynamics (0.995375ms)
✔ predictive Newton can be disabled while keeping fast friction enabled (1.33775ms)
✔ recovered substep rejections emit the original replay once, before publishing the accepted state (12.255667ms)
✔ a failed archive observer cannot prevent recovery or physical publication (3.257542ms)
✔ 60 Hz experiment has its own selection, report identity and replay policy without changing adaptive reference (6.716333ms)
✔ closed-root buckling recovers without thousands of unpredicted fallback iterations (4845.434ms)
✔ compliant parallel contacts share load and match the analytic spring equilibrium (25.735125ms)
✔ a fixed penetrating point can carry a compliant wall reaction (0.297917ms)
✔ simultaneous release solves all separating loaded contacts without changing equilibrium (11.194791ms)
✔ compliance is scoped to the private timestep and cancellation restores its previous value (10.8395ms)
✔ a complete timestep reports geometric penetration separately from compliant equilibrium (3.070875ms)
✔ parallel compliant contacts condense to one primal equation and preserve load sharing (32.149ms)
✔ condensation preserves hard constraints, fixed supports, geometric tangents and nonsymmetric friction (14.553417ms)
✔ fixed compliant indentation recovers its support reaction without a dual unknown (0.197875ms)
✔ cancellation from near-rigid compliance fails the original-equation check and retries full LU (0.179208ms)
✔ rigid rows and nonlocal force columns remain in the full block system (0.066167ms)
✔ friction-only refresh preserves full force assembly exactly after a stick/slide change (20.95925ms)
✔ changed pose, reactions, load, topology or an undeclared evaluator reject reuse before mutation (7.317041ms)
✔ cancellation after a friction refresh restores all committed state (13.0285ms)
✔ one authoritative axis; independent spins and one length equation per spatial edge (22.832167ms)
✔ native energy pullback has the correct spatial and independent spin derivatives (26.089708ms)
✔ external cantilever oracle: shared rigidity is the sum; unloading recovers the straight shape (32.862ms)
✔ a stiff straight wire counteracts the native curved catheter energy (16.015833ms)
✔ frictionless independent rotation: catheter torque does not rotate the wire (8.746458ms)
✔ independent feed/withdrawal crosses mesh nodes and either tool may extend beyond the other (279.111291ms)
✔ planar wall acts on the outer catheter radius in overlap and wire radius beyond it (14.611ms)
✔ nonconverged solve is atomic and never commits a partial relaxation (10.038458ms)
✔ a failed geometry callback restores the complete accepted state (1.156083ms)
✔ invalid and degenerate geometry is rejected explicitly (2.846333ms)
✔ partial-overlap cantilever agrees with the piecewise rigidity integral (23.584ms)
✔ long wire / short overlap remains converged after feed and curved-material rotation (97.899042ms)
✔ experimental nonlinear tolerance can retain precise active-set solves without changing the default (3.17175ms)
✔ continuous segment finds a face crossing between separated endpoint samples (2.05625ms)
✔ finite triangle distance detects capsule overlap without centerline crossing (1.660458ms)
✔ discovery adds a continuous wall witness even when ordinary samples report clearance (4.11525ms)
✔ captured 835.27 mm anatomical state crosses a wall between all four valid sphere samples (1336.698584ms)
✔ stagnation-only globalization preserves ordinary bending and unloading exactly (78.30975ms)
✔ stalled contact solve reduces repeated work while retaining equilibrium bounds and private input (5042.390334ms)
✔ velocity prediction changes only the private initial guess, preserves inertia reference and rolls back on cancellation (29.600417ms)
✔ a failed predictor retries from the original pose and includes failed work (20.782459ms)
✔ velocity prediction retains the same dynamic equilibrium and force certificate for a free rod (3.449875ms)
✔ invalid prediction strengths are rejected before physical work (5.910083ms)
✔ early predictor recovery tries the incoming pose before friction fallbacks (7.998625ms)
✔ cancelling early predictor recovery restores the whole incoming state (2.291084ms)
✔ zero motion does not lose the normal fallback when early prediction is enabled (0.692ms)
✔ failed early recovery still runs the original predicted friction fallback and counts the extra work (4.246667ms)
ℹ tests 65
ℹ suites 0
ℹ pass 65
ℹ fail 0
ℹ cancelled 0
ℹ skipped 0
ℹ todo 0
ℹ duration_ms 5551.570625
