
> openendovasculartrainer@1.0.0 build
> vite build

vite v7.3.5 building client environment for production...
transforming...
✓ 274 modules transformed.
rendering chunks...
computing gzip size...
dist/shared-axis-lab.html                              3.51 kB │ gzip:   1.61 kB
dist/index.html                                       45.54 kB │ gzip:   7.61 kB
dist/assets/skeleton.worker-DkRGimbZ.js              125.31 kB
dist/assets/skeleton-Dp2oxfet.obj                 19,214.17 kB
dist/assets/Aorta_plain.collision-DFUYJYB3.bin    30,613.48 kB
dist/assets/Aorta_plain-_gXpsVDF.stl              37,982.48 kB
dist/assets/index-CfD5_H2i.css                        37.80 kB │ gzip:   8.13 kB
dist/assets/modulepreload-polyfill-B5Qt9EMX.js         0.71 kB │ gzip:   0.40 kB
dist/assets/index-DIlH3okG.js                          1.79 kB │ gzip:   1.00 kB
dist/assets/shared-axis-lab-CYzJBHhn.js               15.19 kB │ gzip:   6.26 kB
dist/assets/endovascularPhysicsWorld-3sGTQRDY.js   1,042.61 kB │ gzip: 291.90 kB
dist/assets/simulator-DwgkGXoi.js                  3,394.83 kB │ gzip: 726.06 kB

(!) Some chunks are larger than 500 kB after minification. Consider:
- Using dynamic import() to code-split the application
- Use build.rollupOptions.output.manualChunks to improve chunking: https://rollupjs.org/configuration-options/#output-manualchunks
- Adjust chunk size limit for this warning via build.chunkSizeWarningLimit.
✓ built in 2.99s
