
> openendovasculartrainer@1.0.0 build
> vite build --outDir /tmp/oet-constraint-work-build

vite v7.3.5 building client environment for production...
transforming...
✓ 301 modules transformed.

(!) outDir /tmp/oet-constraint-work-build is not inside project root and will not be emptied.
Use --emptyOutDir to override.

rendering chunks...
computing gzip size...
../../../../../../tmp/oet-constraint-work-build/shared-axis-lab.html                                 3.79 kB │ gzip:   1.74 kB
../../../../../../tmp/oet-constraint-work-build/index.html                                          46.26 kB │ gzip:   7.81 kB
../../../../../../tmp/oet-constraint-work-build/assets/skeleton.worker-DkRGimbZ.js                 125.31 kB
../../../../../../tmp/oet-constraint-work-build/assets/skeleton-Dp2oxfet.obj                    19,214.17 kB
../../../../../../tmp/oet-constraint-work-build/assets/Aorta_plain-CK0GjdR4.stl                 50,720.63 kB
../../../../../../tmp/oet-constraint-work-build/assets/Aorta_plain.collision-C2iv_z0R.bin       63,885.02 kB
../../../../../../tmp/oet-constraint-work-build/assets/index-CfD5_H2i.css                           37.80 kB │ gzip:   8.13 kB
../../../../../../tmp/oet-constraint-work-build/assets/modulepreload-polyfill-B5Qt9EMX.js            0.71 kB │ gzip:   0.40 kB
../../../../../../tmp/oet-constraint-work-build/assets/index-cDyVDDbm.js                             1.79 kB │ gzip:   1.01 kB
../../../../../../tmp/oet-constraint-work-build/assets/shared-axis-lab-B89kX1iH.js                   3.67 kB │ gzip:   1.73 kB
../../../../../../tmp/oet-constraint-work-build/assets/kirchhoffSharedAxisContacts-CoCZCQ9O.js   1,147.96 kB │ gzip: 326.23 kB
../../../../../../tmp/oet-constraint-work-build/assets/simulator-2z55Ar7d.js                     3,422.27 kB │ gzip: 735.59 kB

(!) Some chunks are larger than 500 kB after minification. Consider:
- Using dynamic import() to code-split the application
- Use build.rollupOptions.output.manualChunks to improve chunking: https://rollupjs.org/configuration-options/#output-manualchunks
- Adjust chunk size limit for this warning via build.chunkSizeWarningLimit.
✓ built in 5.02s
