
> openendovasculartrainer@1.0.0 build
> vite build --outDir /tmp/oet-large-gain-build

vite v7.3.5 building client environment for production...
transforming...
✓ 311 modules transformed.

(!) outDir /tmp/oet-large-gain-build is not inside project root and will not be emptied.
Use --emptyOutDir to override.

rendering chunks...
computing gzip size...
../../../../../../tmp/oet-large-gain-build/shared-axis-lab.html                                 3.79 kB │ gzip:   1.74 kB
../../../../../../tmp/oet-large-gain-build/index.html                                          50.72 kB │ gzip:   9.01 kB
../../../../../../tmp/oet-large-gain-build/assets/skeleton.worker-DkRGimbZ.js                 125.31 kB
../../../../../../tmp/oet-large-gain-build/assets/skeleton-Dp2oxfet.obj                    19,214.17 kB
../../../../../../tmp/oet-large-gain-build/assets/Aorta_plain-CK0GjdR4.stl                 50,720.63 kB
../../../../../../tmp/oet-large-gain-build/assets/Aorta_plain.collision-C2iv_z0R.bin       63,885.02 kB
../../../../../../tmp/oet-large-gain-build/assets/index-DMIugAIR.css                           37.95 kB │ gzip:   8.19 kB
../../../../../../tmp/oet-large-gain-build/assets/modulepreload-polyfill-B5Qt9EMX.js            0.71 kB │ gzip:   0.40 kB
../../../../../../tmp/oet-large-gain-build/assets/index-USHZdkOV.js                             1.79 kB │ gzip:   1.00 kB
../../../../../../tmp/oet-large-gain-build/assets/shared-axis-lab-BA0McqbB.js                   3.67 kB │ gzip:   1.72 kB
../../../../../../tmp/oet-large-gain-build/assets/kirchhoffSharedAxisContacts-BhtLLLEo.js   1,173.89 kB │ gzip: 334.83 kB
../../../../../../tmp/oet-large-gain-build/assets/simulator-C3dUY65j.js                     3,443.01 kB │ gzip: 742.96 kB

(!) Some chunks are larger than 500 kB after minification. Consider:
- Using dynamic import() to code-split the application
- Use build.rollupOptions.output.manualChunks to improve chunking: https://rollupjs.org/configuration-options/#output-manualchunks
- Adjust chunk size limit for this warning via build.chunkSizeWarningLimit.
✓ built in 4.70s
