✔ wire follower interpolates material position and cannot extrapolate beyond the wire tip (0.88725ms)
✔ cooperative solver trials cannot move the delivery path until the rod step commits (0.70875ms)
✔ Aorta_plain: body and contralateral limb deploy through separate accesses and remain implanted (5939.219208ms)
✔ Aorta_infrarenal_aneurysm: body and contralateral limb deploy through separate accesses and remain implanted (8375.1345ms)
✔ device motion and deployment advance only on committed steps; empty and unsupported release is rejected (3498.359959ms)
✔ manual release accepts an off-target body and a standalone limb at their actual delivery noses (12496.395875ms)
✔ apposed cloth opens locally for radius 0.4445, supports it and allows withdrawal (340.475792ms)
✔ apposed cloth opens locally for radius 0.8333, supports it and allows withdrawal (295.174208ms)
✔ intraluminal wire cannot request an exterior apposition opening (1.483667ms)
✔ right / 23 mm: exposed bifurcation cannot inherit shaft oscillations while the crown is captured (653.511542ms)
✔ left / 23 mm: exposed bifurcation cannot inherit shaft oscillations while the crown is captured (465.688459ms)
✔ right / 28 mm: exposed bifurcation cannot inherit shaft oscillations while the crown is captured (495.473417ms)
✔ left / 28 mm: exposed bifurcation cannot inherit shaft oscillations while the crown is captured (558.089208ms)
✔ right / 23 mm: continuous sheath motion through bifurcation gives bounded exposed-row motion (1128.477708ms)
✔ left / 23 mm: continuous sheath motion through bifurcation gives bounded exposed-row motion (1250.728208ms)
✔ right / 28 mm: continuous sheath motion through bifurcation gives bounded exposed-row motion (1381.244416ms)
✔ left / 28 mm: continuous sheath motion through bifurcation gives bounded exposed-row motion (1552.811ms)
✔ right / 23 mm: captured release anchors follow commanded roll and recapture follows the cover (455.275958ms)
✔ left / 23 mm: captured release anchors follow commanded roll and recapture follows the cover (264.925792ms)
✔ right / 28 mm: captured release anchors follow commanded roll and recapture follows the cover (719.154833ms)
✔ left / 28 mm: captured release anchors follow commanded roll and recapture follows the cover (332.2845ms)
✔ 22 mm reference section calibrates scale without dependence on centerline eccentricity (15.086584ms)
✔ both actual anatomies map the same infrarenal neck to 22 mm (6177.286292ms)
✔ body: calibration agrees in folded preview, released geometry and delivery diameter (449.317792ms)
✔ limb: calibration agrees in folded preview, released geometry and delivery diameter (145.917209ms)
✔ IIs 23 mm: bifurcation span is oval, not an oversized round tube (scale 1) (331.464458ms)
✔ IIs 23 mm: bifurcation span is oval, not an oversized round tube (scale 0.7789879466966056) (283.613209ms)
✔ fabric response has consistent energy, force and tangent including near-surface recovery (0.87975ms)
✔ wire enters the open gate; a wider catheter follows, slides on the rim and can be withdrawn (1367.701917ms)
✖ captured left-access rejection recovers with fabric CCD enabled and continues advancing (2321.753958ms)
✔ right main body: wire and catheter traverse the actual contralateral gate (4405.808166ms)
✔ left main body: wire and catheter traverse the actual contralateral gate (5039.042541ms)
✖ owning circular lumen cannot suppress real cloth contact during pigtail withdrawal (2086.119708ms)
✔ capture forces are equal and opposite; energy gradient and tangent match finite differences (0.612458ms)
✔ attached graft reaction deflects the delivery shaft and its shared wire; detachment removes that force (32.773584ms)
✔ capture is owned by the delivery access, survives cover motion and disappears only at latch release (353.729583ms)
✔ contact indentation refresh preserves the attached crown length and straight roots (197.122125ms)
✔ right: contact commits during captured release update cloth and can clear its indentation (187.610375ms)
✔ left: contact commits during captured release update cloth and can clear its indentation (170.729083ms)
✔ live graft contacts release previous solver states and their WASM workspaces (190.615625ms)
✔ catheter commands move delivery only on committed time, stop on release and respect wire support (1.64125ms)
✔ selection opens a modal, cancel restores catheter, choose loads diameter and uses a separate deploy button (4.979708ms)
✔ failed selection stays in the modal, and changing catheter cannot remove an inserted device (2.761625ms)
✔ hold controls stop on release, blur, access change and deployment stage changes (2.54325ms)
✔ J/K cover direction and L capture are independent held commands, scoped to the selected access and tool (2.8155ms)
✔ nose button waits for fixation release, stops on pointer release and belongs to the active sheath (2.045542ms)
✔ image cards select nominal main body length and discrete proximal/distal sizes (8.027833ms)
✔ deployment buttons preserve held movement and rotation; advance and withdraw remain enabled (1.667834ms)
✔ N retracts the nose only after capture release and stops on keyup, blur or access change (1.544041ms)
✔ limb image selection loads the chosen catalogue SKU and survives access switching (1.878709ms)
✔ crown 23 mm, scale 1: same metal in cover, release, rotation and recapture (498.260042ms)
✔ crown 36 mm, scale 1: same metal in cover, release, rotation and recapture (321.640958ms)
✔ crown 23 mm, scale 0.7789879467: same metal in cover, release, rotation and recapture (278.941333ms)
✔ crown 36 mm, scale 0.7789879467: same metal in cover, release, rotation and recapture (269.827917ms)
✔ anatomy-fitted suprarenal metal keeps its length while captured and released (2044.062084ms)
✔ delivery OD follows device size rather than assigning every limb an 18 Fr body sheath (0.512333ms)
✖ captured 92.5 mm contralateral insertion continues with catalogue delivery radius and full collisions (1602.322459ms)
✔ right: release follows the sheath edge, pauses, and requires a separate tip release (313.300833ms)
✔ left: release follows the sheath edge, pauses, and requires a separate tip release (212.301333ms)
✔ opposed folded and expanded frames retain an open, round intermediate ring (0.256834ms)
✔ left: freed gate springs open with a stationary sheath and enables only matching contacts (226.398167ms)
✔ right: freed gate springs open with a stationary sheath and enables only matching contacts (218.343333ms)
✔ standalone limb uses the same pausable sheath release without a suprarenal stage (34.552083ms)
✔ right: cover reverses, updates contacts, and operates independently of capture (193.638125ms)
✔ left: cover reverses, updates contacts, and operates independently of capture (166.441959ms)
✔ right: suprarenal peaks stay captured until the latch releases, then snap open (177.558875ms)
✔ left: suprarenal peaks stay captured until the latch releases, then snap open (161.779916ms)
✔ right: ipsilateral rim springs open at sleeve clearance without extra withdrawal (202.5855ms)
✔ left: ipsilateral rim springs open at sleeve clearance without extra withdrawal (202.995875ms)
✔ main body nominal dimensions match Endurant IFU tables 2/3 and catalogue A–D (0.4755ms)
✔ large Endurant II distal diameter is reached by a taper, not a step at the crotch (327.491917ms)
✔ local cloth displacement index preserves exact overlapping patch response and boundaries (6.403416ms)
✔ a threaded wire inside the graft is not classified as an exterior indentation (5.475875ms)
✔ relaxing cloth preserves the guidewire radius even when its axis does not cross the rest sheet (5.967292ms)
✔ self-expansion seeks nominal diameter, smooths a local constriction, and recovers when unconstrained (12.649125ms)
✔ axial relaxation removes local zigzags while preserving landing and branch ends (0.896666ms)
✔ large roll preserves round planar sections on a curved free graft and returning to zero restores shape (242.598417ms)
✔ a broad unloaded S-bend recovers a straight axis instead of retaining anatomical curvature (0.197083ms)
✔ wall reaction can bend the relaxed axis; removing it releases the old bend (1.197541ms)
✔ unsupported bifurcation follows the free backbone rather than an anatomical S-bend (0.133666ms)
✔ fabric blocks crossing from both sides, including a whole-step jump; open ends have no cap (3.79025ms)
✔ Newton balances transverse wire load against graft fabric and unloading releases it (112.716167ms)
✔ sealed graft conserves iodine, excludes a covered side branch, and keeps distal outlets perfused (5.31525ms)
✔ release around the captured left wire/catheter does not freeze subsequent withdrawal (10481.929958ms)
✔ contact CCD owns a pose snapshot rather than aliasing the preceding solver state (0.802833ms)
✔ branch contact uses the real spatial lumen, remains free inside, and has two open ends (3.687334ms)
✔ right: ownership follows the long leg, survives release, and is absent on the other access (1199.763792ms)
✔ left: ownership follows the long leg, survives release, and is absent on the other access (1119.551625ms)
✔ dynamic release of a divider across the delivery wire recovers into the ipsilateral lumen and permits sliding (3475.454083ms)
✔ branch recovery has consistent energy, forces and tangent near both open ports (0.773458ms)
✔ withdrawing the original wire releases branch ownership and does not reassign a later wire (2184.973ms)
✔ right: a wire placed in the short outlet recovers through the actual bifurcated fabric (11946.605ms)
✔ left: a wire placed in the short outlet recovers through the actual bifurcated fabric (17231.670792ms)
✔ the ipsilateral contact appears during release and covers only the exposed part of the leg (7288.40525ms)
✔ rejection replay retains the owning branch and reconstructs identical recovery forces (60.446917ms)
✔ ETLW 16/20/82: diameter changes only in the catalogue transition (5.215792ms)
✔ ETLW 16/24/93: diameter changes only in the catalogue transition (0.497292ms)
✔ ETLW 16/28/199: diameter changes only in the catalogue transition (0.436042ms)
✔ ETLW 16/10/82: diameter changes only in the catalogue transition (0.459916ms)
✔ ETLW 16/13/156: diameter changes only in the catalogue transition (0.315625ms)
✔ ETLW 16/10/199: diameter changes only in the catalogue transition (0.316959ms)
✔ all limb fabric/contact rows and scaffold rest radii share the localised diameter profile (28396.613792ms)
✔ left: uncovered limb detaches before settling and cannot follow withdrawal or roll (1219.86175ms)
✔ right: uncovered limb detaches before settling and cannot follow withdrawal or roll (535.601125ms)
✔ all 30 shared II/IIs limbs have catalogue dimensions, delivery OD and an illustrated choice (7730.634334ms)
✔ delivery adds bending stiffness to the same guidewire; retraction of the cover softens only exposed material (178.822833ms)
✔ motion prepares only the solver input, limits wire overrun, and publishes only matching committed steps (1570.203958ms)
✔ right: exposed fabric contacts the wire before full deployment with immutable open-ended snapshots (1043.682625ms)
✔ left: exposed fabric contacts the wire before full deployment with immutable open-ended snapshots (1108.473ms)
✔ actual catheter adapter uses the stiff profile, hides its duplicate mesh, and restores a normal catheter (38.341125ms)
✔ owning access gets an inside-lumen constraint during release; the other access keeps two-sided wall contact (2331.289208ms)
✔ a wire outside an incoming graft is pulled inside rather than repelled to the outside of its sheet (611.687375ms)
✔ failure replay preserves exposed rigidity and the owning lumen constraint (6599.429333ms)
✔ long tapered nose follows a curved wire and updates when the wire bends (25.315458ms)
✔ scaffold struts are thinner and delivery uses the flexible 60 mm nose mesh (3990.003542ms)
✔ right body: packed metal and fabric follow insertion without creating an implant or duplicate release meshes (1906.958833ms)
✔ left limb: packed metal and fabric follow insertion without creating an implant or duplicate release meshes (203.992625ms)
✔ withdrawn preview is hidden, reappears on insertion, and removal disposes only its geometry (98.160875ms)
✔ nose retracts on committed time to the moving sheath edge without displacing the implant (1921.650041ms)
✔ folded main body is threaded through the ipsilateral lumen, not between both limbs (1.9755ms)
✔ collision envelope splits cover, exposed core and guidewire at exact material positions (11.867666ms)
✔ right: 79.6 mm release has visible ipsilateral contacts before full radial expansion (1208.069ms)
✔ left: 79.6 mm release has visible ipsilateral contacts before full radial expansion (761.168042ms)
✔ right: partial ipsilateral cloth reacts and permits withdrawal at 72 percent deployment (7468.080375ms)
✔ left: partial ipsilateral cloth reacts and permits withdrawal at 72 percent deployment (13390.344667ms)
✔ right: moving an attached body transports the sewn assembly without folding it along the ipsilateral elbow (555.816459ms)
✔ left: moving an attached body transports the sewn assembly without folding it along the ipsilateral elbow (420.728458ms)
✔ partly released 23 mm body translated from the neck to 29.3 cm keeps an open trunk and respects the actual aneurysm wall (5467.841833ms)
✔ proximal rim: captured rejection recovers and the delivery system withdraws completely (25069.904834ms)
ℹ {"steps":125,"maxIterations":9,"maxFactorizations":60,"totalIterations":530}
✔ iis-103/23: metal arc length survives crimping, release, rotation and recapture (1348.046875ms)
✔ iis-103/36: metal arc length survives crimping, release, rotation and recapture (1361.248083ms)
✔ ii-124/23: metal arc length survives crimping, release, rotation and recapture (1222.487417ms)
✔ ii-124/32: metal arc length survives crimping, release, rotation and recapture (1380.164416ms)
✔ ii-145/23: metal arc length survives crimping, release, rotation and recapture (2201.923667ms)
✔ ii-145/36: metal arc length survives crimping, release, rotation and recapture (1620.15925ms)
✔ ii-166/23: metal arc length survives crimping, release, rotation and recapture (1829.791792ms)
✔ ii-166/36: metal arc length survives crimping, release, rotation and recapture (1201.680417ms)
✔ gate opening uses committed time and is independent of frame subdivision (1.850542ms)
✔ anatomy-fitted rings stay disjoint and retain wire length throughout release (5230.5395ms)
✔ standalone limb metal remains inextensible during release (167.1295ms)
✔ both branch springs use committed time independently of frame subdivision (1.755583ms)
✖ stent-graft-ring-release-block: captured rejection settles and permits withdrawal (18070.331875ms)
✔ stent-graft-late-ring-release-block: captured rejection settles and permits withdrawal (25772.794042ms)
ℹ {"steps":24,"firstStep":{"iterations":12,"factorizations":156,"fullAssemblies":20,"residualAssemblies":23,"ms":874.9133330000004},"maxIterations":123,"maxFactorizations":2945,"totalIterations":374}
✔ right: committed roll moves the attached gate and contacts; released graft stays fixed (708.32725ms)
✔ left: committed roll moves the attached gate and contacts; released graft stays fixed (400.27775ms)
✔ catalogue lengths drive packed and expanded body material coordinates, not the anatomical bifurcation (1370.661375ms)
✔ continuous wire shader survives the X-ray material pass and has finite joined endpoints (341.882541ms)
✔ rotation of the partially released body stays inside the real aneurysm wall (3239.746625ms)
✔ right: partial release permits translation and roll together; detachment freezes the implant (411.918125ms)
✔ left: partial release permits translation and roll together; detachment freezes the implant (293.616458ms)
✔ subpixel wires retain physical coverage while folded radiopaque markers remain distinct (15.730375ms)
✔ contralateral outlet springs to the side even when both iliac routes share the aortic axis (352.011084ms)
✖ stent-graft-bifurcation-contact: captured rejection recovers and permits continued withdrawal (2476.478ms)
✖ stent-graft-lost-indentation: captured rejection recovers and permits continued withdrawal (2445.512583ms)
✖ legacy exterior snapshot already crossing the vessel is rejected atomically by finite-radius discovery (2213.143292ms)
✔ a sewn ring stays crimped until its entire band leaves the cover, then opens while cover is stopped (1.309959ms)
✔ ring release uses committed time consistently including a clamped cover endpoint (1.166917ms)
✔ left: progressive leg rings retain sewn material positions and bounded spacing (1116.798584ms)
✔ right: progressive leg rings retain sewn material positions and bounded spacing (902.400042ms)
✔ rounding deployment to 100 percent cannot complete an attached or still-expanding implant (297.073667ms)
✔ folded branch preserves coherent inward contact across concave fabric faces (2.775584ms)
✔ bifurcation follows a compressed noncircular trunk instead of re-expanding to nominal diameter (25.965583ms)
✔ higher continuous rounded stent waves retain thin wire and close each ring (490.71825ms)
✔ adaptive remeshing retains an accepted bend at graft cloth, including a former moving tip (17.014334ms)
✔ an accepted incoming overlap survives branch-recovery handover without freezing at zero feed (1.865875ms)
✔ a new fabric crossing is still rejected and reports its exact segment and face (1.3065ms)
✔ right: delivery system slides both ways inside the released ipsilateral limb with an adaptive mesh (11924.96925ms)
✔ left: delivery system slides both ways inside the released ipsilateral limb with an adaptive mesh (10496.570833ms)
✔ sparse centreline fallback cannot create a phantom wall in the aneurysm or collapse a released body (4884.640541ms)
✔ right: stiff delivery assembly recovers to the long lumen with full-radius clearance (10086.861209ms)
✔ left: stiff delivery assembly recovers to the long lumen with full-radius clearance (9522.316959ms)
✔ Aorta_plain: eccentric delivery does not tilt the graft rim or push the releasing crown through the wall (2227.410083ms)
✔ Aorta_infrarenal_aneurysm: eccentric delivery does not tilt the graft rim or push the releasing crown through the wall (4916.449625ms)
✔ nose retraction and handle withdrawal prepare the same physical extent as the committed visible core (5.392167ms)
✔ rejected nose motion can be prepared again without consuming release or drifting the handle (0.188917ms)
✔ release recovery cannot attract a wire beyond either open end based on its material coordinate (0.219167ms)
✔ right: complete deployment removes the artificial lumen but preserves cloth CCD (2058.287ms)
✔ left: complete deployment removes the artificial lumen but preserves cloth CCD (1690.737417ms)
✔ delivery core can retract and withdraw through an open graft with cloth contacts active (1747.063375ms)
✔ the application commit contract keeps the released implant fixed while the physical core retracts (1875.626917ms)
ℹ tests 180
ℹ suites 0
ℹ pass 173
ℹ fail 7
ℹ cancelled 0
ℹ skipped 0
ℹ todo 0
ℹ duration_ms 392556.78125

✖ failing tests:

test at tests/stentGraftCannulation.test.js:60:1
✖ captured left-access rejection recovers with fabric CCD enabled and continues advancing (2321.753958ms)
  RangeError [Error]: Discovery replay requires the same vessel mesh
      at sample.restoreDiscoveryState (file:///private/tmp/oet-ring-release-fix/src/physics/kirchhoffSharedAxisVesselWitnesses.js:210:19)
      at restoreSharedAxisReplay (file:///private/tmp/oet-ring-release-fix/tests/helpers/sharedAxisReplay.js:30:89)
      at TestContext.<anonymous> (file:///private/tmp/oet-ring-release-fix/tests/stentGraftCannulation.test.js:71:13)
      at async Test.run (node:internal/test_runner/test:1088:7)
      at async Test.processPendingSubtests (node:internal/test_runner/test:763:7)

test at tests/stentGraftCannulation.test.js:117:1
✖ owning circular lumen cannot suppress real cloth contact during pigtail withdrawal (2086.119708ms)
  RangeError [Error]: Discovery replay requires the same vessel mesh
      at sample.restoreDiscoveryState (file:///private/tmp/oet-ring-release-fix/src/physics/kirchhoffSharedAxisVesselWitnesses.js:210:19)
      at restoreSharedAxisReplay (file:///private/tmp/oet-ring-release-fix/tests/helpers/sharedAxisReplay.js:30:89)
      at TestContext.<anonymous> (file:///private/tmp/oet-ring-release-fix/tests/stentGraftCannulation.test.js:128:13)
      at async Test.run (node:internal/test_runner/test:1088:7)
      at async Test.processPendingSubtests (node:internal/test_runner/test:763:7)

test at tests/stentGraftDeliveryRadius.test.js:20:1
✖ captured 92.5 mm contralateral insertion continues with catalogue delivery radius and full collisions (1602.322459ms)
  RangeError [Error]: Discovery replay requires the same vessel mesh
      at sample.restoreDiscoveryState (file:///private/tmp/oet-ring-release-fix/src/physics/kirchhoffSharedAxisVesselWitnesses.js:210:19)
      at restoreSharedAxisReplay (file:///private/tmp/oet-ring-release-fix/tests/helpers/sharedAxisReplay.js:30:89)
      at TestContext.<anonymous> (file:///private/tmp/oet-ring-release-fix/tests/stentGraftDeliveryRadius.test.js:31:19)
      at Test.runInAsyncScope (node:async_hooks:214:14)
      at Test.run (node:internal/test_runner/test:1081:25)
      at Test.processPendingSubtests (node:internal/test_runner/test:763:18)
      at Test.postRun (node:internal/test_runner/test:1210:19)
      at Test.run (node:internal/test_runner/test:1138:12)
      at async startSubtestAfterBootstrap (node:internal/test_runner/harness:332:3)

test at tests/stentGraftRingReleaseReplay.test.js:13:92
✖ stent-graft-ring-release-block: captured rejection settles and permits withdrawal (18070.331875ms)
  AssertionError [ERR_ASSERTION]: captured rejection: 1590 factorizations
      at TestContext.<anonymous> (file:///private/tmp/oet-ring-release-fix/tests/stentGraftRingReleaseReplay.test.js:35:32)
      at Test.runInAsyncScope (node:async_hooks:214:14)
      at Test.run (node:internal/test_runner/test:1081:25)
      at Test.start (node:internal/test_runner/test:978:17)
      at startSubtestAfterBootstrap (node:internal/test_runner/harness:332:17) {
    generatedMessage: false,
    code: 'ERR_ASSERTION',
    actual: false,
    expected: true,
    operator: '==',
    diff: 'simple'
  }

test at tests/stentGraftSessionRejection.test.js:12:86
✖ stent-graft-bifurcation-contact: captured rejection recovers and permits continued withdrawal (2476.478ms)
  RangeError [Error]: Discovery replay requires the same vessel mesh
      at sample.restoreDiscoveryState (file:///private/tmp/oet-ring-release-fix/src/physics/kirchhoffSharedAxisVesselWitnesses.js:210:19)
      at restoreSharedAxisReplay (file:///private/tmp/oet-ring-release-fix/tests/helpers/sharedAxisReplay.js:30:89)
      at TestContext.<anonymous> (file:///private/tmp/oet-ring-release-fix/tests/stentGraftSessionRejection.test.js:18:19)
      at Test.runInAsyncScope (node:async_hooks:214:14)
      at Test.run (node:internal/test_runner/test:1081:25)
      at Test.start (node:internal/test_runner/test:978:17)
      at startSubtestAfterBootstrap (node:internal/test_runner/harness:332:17)

test at tests/stentGraftSessionRejection.test.js:12:86
✖ stent-graft-lost-indentation: captured rejection recovers and permits continued withdrawal (2445.512583ms)
  RangeError [Error]: Discovery replay requires the same vessel mesh
      at sample.restoreDiscoveryState (file:///private/tmp/oet-ring-release-fix/src/physics/kirchhoffSharedAxisVesselWitnesses.js:210:19)
      at restoreSharedAxisReplay (file:///private/tmp/oet-ring-release-fix/tests/helpers/sharedAxisReplay.js:30:89)
      at TestContext.<anonymous> (file:///private/tmp/oet-ring-release-fix/tests/stentGraftSessionRejection.test.js:18:19)
      at Test.runInAsyncScope (node:async_hooks:214:14)
      at Test.run (node:internal/test_runner/test:1081:25)
      at Test.processPendingSubtests (node:internal/test_runner/test:763:18)
      at Test.postRun (node:internal/test_runner/test:1210:19)
      at Test.run (node:internal/test_runner/test:1138:12)
      at async startSubtestAfterBootstrap (node:internal/test_runner/harness:332:3)

test at tests/stentGraftSessionRejection.test.js:46:1
✖ legacy exterior snapshot already crossing the vessel is rejected atomically by finite-radius discovery (2213.143292ms)
  RangeError [Error]: Discovery replay requires the same vessel mesh
      at sample.restoreDiscoveryState (file:///private/tmp/oet-ring-release-fix/src/physics/kirchhoffSharedAxisVesselWitnesses.js:210:19)
      at restoreSharedAxisReplay (file:///private/tmp/oet-ring-release-fix/tests/helpers/sharedAxisReplay.js:30:89)
      at TestContext.<anonymous> (file:///private/tmp/oet-ring-release-fix/tests/stentGraftSessionRejection.test.js:50:21)
      at Test.runInAsyncScope (node:async_hooks:214:14)
      at Test.run (node:internal/test_runner/test:1081:25)
      at Test.processPendingSubtests (node:internal/test_runner/test:763:18)
      at Test.postRun (node:internal/test_runner/test:1210:19)
      at Test.run (node:internal/test_runner/test:1138:12)
      at async Test.processPendingSubtests (node:internal/test_runner/test:763:7)
