
> openendovasculartrainer@1.0.0 build
> vite build --outDir /tmp/oet-newton-warm-start-build

vite v7.3.5 building client environment for production...
transforming...
✓ 311 modules transformed.

(!) outDir /tmp/oet-newton-warm-start-build is not inside project root and will not be emptied.
Use --emptyOutDir to override.

rendering chunks...
computing gzip size...
../../../../../../tmp/oet-newton-warm-start-build/shared-axis-lab.html                                 3.79 kB │ gzip:   1.74 kB
../../../../../../tmp/oet-newton-warm-start-build/index.html                                          51.24 kB │ gzip:   9.16 kB
../../../../../../tmp/oet-newton-warm-start-build/assets/skeleton.worker-DkRGimbZ.js                 125.31 kB
../../../../../../tmp/oet-newton-warm-start-build/assets/skeleton-Dp2oxfet.obj                    19,214.17 kB
../../../../../../tmp/oet-newton-warm-start-build/assets/Aorta_plain-CK0GjdR4.stl                 50,720.63 kB
../../../../../../tmp/oet-newton-warm-start-build/assets/Aorta_plain.collision-C2iv_z0R.bin       63,885.02 kB
../../../../../../tmp/oet-newton-warm-start-build/assets/index-DMIugAIR.css                           37.95 kB │ gzip:   8.19 kB
../../../../../../tmp/oet-newton-warm-start-build/assets/modulepreload-polyfill-B5Qt9EMX.js            0.71 kB │ gzip:   0.40 kB
../../../../../../tmp/oet-newton-warm-start-build/assets/index-DD25-SDV.js                             1.79 kB │ gzip:   1.00 kB
../../../../../../tmp/oet-newton-warm-start-build/assets/shared-axis-lab-COL3VX4Q.js                   3.67 kB │ gzip:   1.72 kB
../../../../../../tmp/oet-newton-warm-start-build/assets/kirchhoffSharedAxisContacts-DGtu30E9.js   1,175.13 kB │ gzip: 335.18 kB
../../../../../../tmp/oet-newton-warm-start-build/assets/simulator-BtRi_EYc.js                     3,448.88 kB │ gzip: 744.39 kB

(!) Some chunks are larger than 500 kB after minification. Consider:
- Using dynamic import() to code-split the application
- Use build.rollupOptions.output.manualChunks to improve chunking: https://rollupjs.org/configuration-options/#output-manualchunks
- Adjust chunk size limit for this warning via build.chunkSizeWarningLimit.
✓ built in 4.31s
