
> openendovasculartrainer@1.0.0 build
> vite build --outDir /tmp/oet-modified-newton-build

vite v7.3.5 building client environment for production...
transforming...
✓ 306 modules transformed.

(!) outDir /tmp/oet-modified-newton-build is not inside project root and will not be emptied.
Use --emptyOutDir to override.

rendering chunks...
computing gzip size...
../../../../../../tmp/oet-modified-newton-build/shared-axis-lab.html                                 3.79 kB │ gzip:   1.74 kB
../../../../../../tmp/oet-modified-newton-build/index.html                                          50.53 kB │ gzip:   8.95 kB
../../../../../../tmp/oet-modified-newton-build/assets/skeleton.worker-DkRGimbZ.js                 125.31 kB
../../../../../../tmp/oet-modified-newton-build/assets/skeleton-Dp2oxfet.obj                    19,214.17 kB
../../../../../../tmp/oet-modified-newton-build/assets/Aorta_plain-CK0GjdR4.stl                 50,720.63 kB
../../../../../../tmp/oet-modified-newton-build/assets/Aorta_plain.collision-C2iv_z0R.bin       63,885.02 kB
../../../../../../tmp/oet-modified-newton-build/assets/index-DMIugAIR.css                           37.95 kB │ gzip:   8.19 kB
../../../../../../tmp/oet-modified-newton-build/assets/modulepreload-polyfill-B5Qt9EMX.js            0.71 kB │ gzip:   0.40 kB
../../../../../../tmp/oet-modified-newton-build/assets/index-DNXLLouY.js                             1.79 kB │ gzip:   1.00 kB
../../../../../../tmp/oet-modified-newton-build/assets/shared-axis-lab-Dylmc6X7.js                   3.67 kB │ gzip:   1.73 kB
../../../../../../tmp/oet-modified-newton-build/assets/kirchhoffSharedAxisContacts-CWpBpqKP.js   1,162.80 kB │ gzip: 330.89 kB
../../../../../../tmp/oet-modified-newton-build/assets/simulator-T9ma5_fe.js                     3,431.14 kB │ gzip: 738.30 kB

(!) Some chunks are larger than 500 kB after minification. Consider:
- Using dynamic import() to code-split the application
- Use build.rollupOptions.output.manualChunks to improve chunking: https://rollupjs.org/configuration-options/#output-manualchunks
- Adjust chunk size limit for this warning via build.chunkSizeWarningLimit.
✓ built in 6.22s
