wire 25.67 1.1
wire 50.60 1.1
wire 75.53 1.4
wire 100.47 1.0
wire 125.40 4.5
wire 150.33 12.0
wire 175.27 25.9
wire 200.20 22.7
wire 225.13 18.1
wire 250.07 48.2
wire 275.73 31.7
wire 300.67 30.2
wire 325.60 21.3
wire 350.53 15.9
wire 375.47 26.9
wire 400.40 30.1
wire 425.33 50.7
wire 450.27 20.5
wire 475.20 27.9
wire 500.13 225.7
wire 525.07 34.6
wire 550.00 36.5
wire 575.67 70.9
wire 600.00 61.9
catheter 25.13 55.3
catheter 50.27 95.0
catheter 75.40 54.3
catheter 100.53 57.5
catheter 125.67 68.4
catheter 150.80 101.2
catheter 175.07 100.6
catheter 200.20 93.8
catheter 225.33 360.5
catheter 250.47 104.4
catheter 275.60 98.9
catheter 300.73 66.0
catheter 325.00 87.2
catheter 350.13 65.3
catheter 375.27 59.8
catheter 400.40 65.3
catheter 425.53 67.2
catheter 450.67 68.7
catheter 475.80 82.4
catheter 500.07 49.2
catheter 525.20 72.7
catheter 550.33 77.7
catheter 575.47 311.4
catheter 600.00 198.6
