
> openendovasculartrainer@1.0.0 build
> vite build --outDir /tmp/oet-certified-build

vite v7.3.5 building client environment for production...
transforming...
✓ 317 modules transformed.

(!) outDir /tmp/oet-certified-build is not inside project root and will not be emptied.
Use --emptyOutDir to override.

rendering chunks...
computing gzip size...
../../../../../../tmp/oet-certified-build/shared-axis-lab.html                                 3.79 kB │ gzip:   1.74 kB
../../../../../../tmp/oet-certified-build/index.html                                          51.77 kB │ gzip:   9.35 kB
../../../../../../tmp/oet-certified-build/assets/skeleton.worker-DkRGimbZ.js                 125.31 kB
../../../../../../tmp/oet-certified-build/assets/skeleton-Dp2oxfet.obj                    19,214.17 kB
../../../../../../tmp/oet-certified-build/assets/Aorta_plain-CK0GjdR4.stl                 50,720.63 kB
../../../../../../tmp/oet-certified-build/assets/Aorta_plain.collision-C2iv_z0R.bin       63,885.02 kB
../../../../../../tmp/oet-certified-build/assets/index-DMIugAIR.css                           37.95 kB │ gzip:   8.19 kB
../../../../../../tmp/oet-certified-build/assets/modulepreload-polyfill-B5Qt9EMX.js            0.71 kB │ gzip:   0.40 kB
../../../../../../tmp/oet-certified-build/assets/index-C0ihhkqe.js                             1.79 kB │ gzip:   1.00 kB
../../../../../../tmp/oet-certified-build/assets/shared-axis-lab-D5KqdisF.js                   3.67 kB │ gzip:   1.73 kB
../../../../../../tmp/oet-certified-build/assets/kirchhoffSharedAxisContacts-C_qCv36u.js   1,181.89 kB │ gzip: 337.46 kB
../../../../../../tmp/oet-certified-build/assets/simulator-BWPcvy1Q.js                     3,459.39 kB │ gzip: 747.89 kB

(!) Some chunks are larger than 500 kB after minification. Consider:
- Using dynamic import() to code-split the application
- Use build.rollupOptions.output.manualChunks to improve chunking: https://rollupjs.org/configuration-options/#output-manualchunks
- Adjust chunk size limit for this warning via build.chunkSizeWarningLimit.
✓ built in 3.03s
