
> openendovasculartrainer@1.0.0 build
> vite build --outDir /tmp/oet-contact-preflight-build

vite v7.3.5 building client environment for production...
transforming...
✓ 310 modules transformed.

(!) outDir /tmp/oet-contact-preflight-build is not inside project root and will not be emptied.
Use --emptyOutDir to override.

rendering chunks...
computing gzip size...
../../../../../../tmp/oet-contact-preflight-build/shared-axis-lab.html                                 3.79 kB │ gzip:   1.74 kB
../../../../../../tmp/oet-contact-preflight-build/index.html                                          50.53 kB │ gzip:   8.95 kB
../../../../../../tmp/oet-contact-preflight-build/assets/skeleton.worker-DkRGimbZ.js                 125.31 kB
../../../../../../tmp/oet-contact-preflight-build/assets/skeleton-Dp2oxfet.obj                    19,214.17 kB
../../../../../../tmp/oet-contact-preflight-build/assets/Aorta_plain-CK0GjdR4.stl                 50,720.63 kB
../../../../../../tmp/oet-contact-preflight-build/assets/Aorta_plain.collision-C2iv_z0R.bin       63,885.02 kB
../../../../../../tmp/oet-contact-preflight-build/assets/index-DMIugAIR.css                           37.95 kB │ gzip:   8.19 kB
../../../../../../tmp/oet-contact-preflight-build/assets/modulepreload-polyfill-B5Qt9EMX.js            0.71 kB │ gzip:   0.40 kB
../../../../../../tmp/oet-contact-preflight-build/assets/index-DBZPvxxM.js                             1.79 kB │ gzip:   1.01 kB
../../../../../../tmp/oet-contact-preflight-build/assets/shared-axis-lab-BD8OSfdw.js                   3.67 kB │ gzip:   1.73 kB
../../../../../../tmp/oet-contact-preflight-build/assets/kirchhoffSharedAxisContacts-BHPMfK7s.js   1,173.18 kB │ gzip: 334.53 kB
../../../../../../tmp/oet-contact-preflight-build/assets/simulator-BSshKwFH.js                     3,442.29 kB │ gzip: 742.78 kB

(!) Some chunks are larger than 500 kB after minification. Consider:
- Using dynamic import() to code-split the application
- Use build.rollupOptions.output.manualChunks to improve chunking: https://rollupjs.org/configuration-options/#output-manualchunks
- Adjust chunk size limit for this warning via build.chunkSizeWarningLimit.
✓ built in 5.45s
