
> openendovasculartrainer@1.0.0 build
> vite build --outDir /tmp/oet-adaptive-build

vite v7.3.5 building client environment for production...
transforming...
✓ 305 modules transformed.

(!) outDir /tmp/oet-adaptive-build is not inside project root and will not be emptied.
Use --emptyOutDir to override.

rendering chunks...
computing gzip size...
../../../../../../tmp/oet-adaptive-build/shared-axis-lab.html                                 3.79 kB │ gzip:   1.74 kB
../../../../../../tmp/oet-adaptive-build/index.html                                          47.12 kB │ gzip:   8.09 kB
../../../../../../tmp/oet-adaptive-build/assets/skeleton.worker-DkRGimbZ.js                 125.31 kB
../../../../../../tmp/oet-adaptive-build/assets/skeleton-Dp2oxfet.obj                    19,214.17 kB
../../../../../../tmp/oet-adaptive-build/assets/Aorta_plain-CK0GjdR4.stl                 50,720.63 kB
../../../../../../tmp/oet-adaptive-build/assets/Aorta_plain.collision-C2iv_z0R.bin       63,885.02 kB
../../../../../../tmp/oet-adaptive-build/assets/index-DStjOFH4.css                           37.93 kB │ gzip:   8.18 kB
../../../../../../tmp/oet-adaptive-build/assets/modulepreload-polyfill-B5Qt9EMX.js            0.71 kB │ gzip:   0.40 kB
../../../../../../tmp/oet-adaptive-build/assets/index-Dkq7Hdbs.js                             1.79 kB │ gzip:   1.01 kB
../../../../../../tmp/oet-adaptive-build/assets/shared-axis-lab-DY4Ym71k.js                   3.67 kB │ gzip:   1.73 kB
../../../../../../tmp/oet-adaptive-build/assets/kirchhoffSharedAxisContacts-DCrEbmVY.js   1,159.37 kB │ gzip: 330.00 kB
../../../../../../tmp/oet-adaptive-build/assets/simulator-DT94aGm8.js                     3,426.14 kB │ gzip: 737.10 kB

(!) Some chunks are larger than 500 kB after minification. Consider:
- Using dynamic import() to code-split the application
- Use build.rollupOptions.output.manualChunks to improve chunking: https://rollupjs.org/configuration-options/#output-manualchunks
- Adjust chunk size limit for this warning via build.chunkSizeWarningLimit.
✓ built in 3.15s
