✔ warm-start reduction preserves endpoint forces and their moment for interior sample contacts (2.215334ms)
✔ basis reduction includes signed length reactions and contacts at different positions of one segment (0.1985ms)
✔ dependent parallel contacts retain the tighter inequality and solve the full global balance (5.524209ms)
✔ infeasible opposing inequalities fail explicitly instead of discarding one wall (0.13025ms)
✔ one-shot slice budgets preserve physical dt, prepared inputs and atomic publication (94.854042ms)
✔ adaptive provider publishes actual mechanical nodes atomically and clears mesh diagnostics on reset (9.482666ms)
✔ adaptive tolerance changes preserve a pending step and wake an unchanged sleeping state (34.520167ms)
✔ contact margin applies after a pending solve and wakes a sleeping adaptive provider (19.562792ms)
✔ arc-loss and spacing controls are frozen during a pending step and wake sleeping physics (31.779375ms)
✔ shared-axis selection installs its whole-step provider without the split coupled kernel (0.409708ms)
✔ pending global solves publish both tools atomically and freeze prepared controls (2.444583ms)
✔ World consumes one prepared dt only after cooperative completion (3.675292ms)
✔ independent feed and proximal spin share exactly one overlap curve in world coordinates (23.6675ms)
✔ sampling translates local coordinates once and extrapolates the exposed proximal reservoir (0.45075ms)
✔ reset abandons private work and clears both published curves and solver counters (19.786042ms)
✔ missing anatomy rejects without preparing tools or publishing geometry (0.230083ms)
✔ unchanged settled commands sleep with stable diagnostics and parameter changes wake the solver (128.935ms)
✔ a throwing geometry callback preserves both published bodies and reset permits recovery (59.673667ms)
✔ terminal failure is latched, rolls back input, and a changed command resumes without resetting the accepted solver (14.426917ms)
✔ catheter material stiffness changes the solved transient shape, not only the command key (98.531292ms)
✔ whole-step diagnostics sum wall-load fallbacks and their cost across rejected and accepted subdivisions (1.766667ms)
✔ rejection records the accepted state and frozen command; replay survives JSON and later recovery (10.045583ms)
✔ PD provider publishes only complete steps and keeps its solver identity and actual DOF count (11.3465ms)
✔ fast Newton provider is explicit, forwards its counters and is disabled for projective dynamics (1.272834ms)
✔ predictive Newton can be disabled while keeping fast friction enabled (1.440625ms)
✔ recovered substep rejections emit the original replay once, before publishing the accepted state (9.474292ms)
✔ a failed archive observer cannot prevent recovery or physical publication (2.290333ms)
✔ 60 Hz experiment has its own selection, report identity and replay policy without changing adaptive reference (10.017167ms)
✔ reused sparse workspace exactly matches independent reference over changing masks, active sets and coefficients (319.068292ms)
✔ independent calls sharing a fixed-mask workspace return owned duals and preserve failure semantics (0.691167ms)
✔ rank norm keeps Math.hypot scaling for extreme local gradients and cancels duplicate DOFs exactly (0.27375ms)
✔ sparse basis reuse retains ascending elimination when fill-in reaches later pivots (0.61175ms)
✔ cached row order follows in-place kind and active-mask changes without retaining numerical pivots (13.205917ms)
✔ unchanged linearizations reuse a numerical prefix but new tokens and active-order changes rebuild it (1.57325ms)
✔ lazy reaction coefficients preserve cached-prefix pivots when active rows change and when switching modes (255.573583ms)
✔ batch activation reduces independent wall LU solves with identical unique primal solution (23.673333ms)
✔ seeded feasible QPs agree with single activation and satisfy global stationarity and complementarity (105.413375ms)
✔ failed batched factorization retries original rows and counts both searches without stale result views (1.556084ms)
✔ infeasible active basis remains explicitly rejected after reference fallback (0.161833ms)
✔ cooperative linear solve yields between attempts, excludes pauses from CPU time, and matches synchronous output (36.282125ms)
✔ interrupting a private linear iterator leaves physical inputs available for a fresh reference solve (10.452375ms)
✔ cancellation in the unscaled residual is certified accurately without loosening the threshold (0.264375ms)
✔ bounded trial direction stops early without mutating state and unrestricted search remains available (10.06625ms)
✔ closed-root buckling recovers without thousands of unpredicted fallback iterations (3914.2125ms)
✔ compliant parallel contacts share load and match the analytic spring equilibrium (63.223166ms)
✔ a fixed penetrating point can carry a compliant wall reaction (7.388458ms)
✔ simultaneous release solves all separating loaded contacts without changing equilibrium (15.505291ms)
✔ compliance is scoped to the private timestep and cancellation restores its previous value (20.885416ms)
✔ a complete timestep reports geometric penetration separately from compliant equilibrium (5.140125ms)
✔ optimized rows retain bit-identical gaps, reactions and exact geometric Hessians (11.5735ms)
✔ pose cache handles trial rollback and multiplier-only changes without changing retained rows (11.86125ms)
✔ new contact rows reuse pose geometry but honor new reactions and Hessian demand (3.568666ms)
✔ position mask is reusable and classifies every material spin separately (3.959458ms)
✔ contact scratch preserves exact face, edge and vertex derivatives and never overwrites earlier results (6.354833ms)
✔ owned contacts avoid duplicate copies while borrowed output and saved trial rows stay isolated (1.181625ms)
✔ prepared matrices match every full KKT assembly, including changing masks, supports and nonsymmetric force columns (72.808208ms)
✔ compact active layouts retain exact directions with overlapping geometric Hessians and changing force supports (53.409791ms)
✔ cancellation releases common numeric assembly; a new call rereads in-place Hessians and reactions (0.767084ms)
✔ three banks preserve base and uncorrected trial while repeated corrected poses reuse numeric storage (134.767542ms)
✔ time step cancellation and completion release private contact storage and preserve atomic state (42.470167ms)
✔ reused rows clear inactive derivatives and update definitions after discovery; observed measures own their data (4.03225ms)
✔ buffered finite-triangle contacts preserve retained rows across feature changes, Hessian promotion and throwing evaluations (14.1005ms)
✔ continuous segment finds a face crossing between separated endpoint samples (2.513375ms)
✔ finite triangle distance detects capsule overlap without centerline crossing (0.72925ms)
✔ discovery adds a continuous wall witness even when ordinary samples report clearance (1.321542ms)
✔ captured 835.27 mm anatomical state crosses a wall between all four valid sphere samples (994.8505ms)
✔ velocity prediction changes only the private initial guess, preserves inertia reference and rolls back on cancellation (14.389125ms)
✔ a failed predictor retries from the original pose and includes failed work (17.682708ms)
✔ velocity prediction retains the same dynamic equilibrium and force certificate for a free rod (1.861167ms)
✔ invalid prediction strengths are rejected before physical work (44.9675ms)
✔ early predictor recovery tries the incoming pose before friction fallbacks (28.481417ms)
✔ cancelling early predictor recovery restores the whole incoming state (1.387542ms)
✔ zero motion does not lose the normal fallback when early prediction is enabled (3.639042ms)
✔ failed early recovery still runs the original predicted friction fallback and counts the extra work (8.080458ms)
ℹ tests 74
ℹ suites 0
ℹ pass 74
ℹ fail 0
ℹ cancelled 0
ℹ skipped 0
ℹ todo 0
ℹ duration_ms 4125.407708
