
> openendovasculartrainer@1.0.0 build
> vite build --outDir /tmp/oet-row-buffers-build

vite v7.3.5 building client environment for production...
transforming...
✓ 302 modules transformed.

(!) outDir /tmp/oet-row-buffers-build is not inside project root and will not be emptied.
Use --emptyOutDir to override.

rendering chunks...
computing gzip size...
../../../../../../tmp/oet-row-buffers-build/shared-axis-lab.html                                 3.79 kB │ gzip:   1.74 kB
../../../../../../tmp/oet-row-buffers-build/index.html                                          46.26 kB │ gzip:   7.81 kB
../../../../../../tmp/oet-row-buffers-build/assets/skeleton.worker-DkRGimbZ.js                 125.31 kB
../../../../../../tmp/oet-row-buffers-build/assets/skeleton-Dp2oxfet.obj                    19,214.17 kB
../../../../../../tmp/oet-row-buffers-build/assets/Aorta_plain-CK0GjdR4.stl                 50,720.63 kB
../../../../../../tmp/oet-row-buffers-build/assets/Aorta_plain.collision-C2iv_z0R.bin       63,885.02 kB
../../../../../../tmp/oet-row-buffers-build/assets/index-CfD5_H2i.css                           37.80 kB │ gzip:   8.13 kB
../../../../../../tmp/oet-row-buffers-build/assets/modulepreload-polyfill-B5Qt9EMX.js            0.71 kB │ gzip:   0.40 kB
../../../../../../tmp/oet-row-buffers-build/assets/index-CFZ2Ka_1.js                             1.79 kB │ gzip:   1.01 kB
../../../../../../tmp/oet-row-buffers-build/assets/shared-axis-lab-1b3ntlFm.js                   3.67 kB │ gzip:   1.73 kB
../../../../../../tmp/oet-row-buffers-build/assets/kirchhoffSharedAxisContacts-gmG9FVVi.js   1,153.72 kB │ gzip: 328.18 kB
../../../../../../tmp/oet-row-buffers-build/assets/simulator-CE0RkFow.js                     3,422.34 kB │ gzip: 735.61 kB

(!) Some chunks are larger than 500 kB after minification. Consider:
- Using dynamic import() to code-split the application
- Use build.rollupOptions.output.manualChunks to improve chunking: https://rollupjs.org/configuration-options/#output-manualchunks
- Adjust chunk size limit for this warning via build.chunkSizeWarningLimit.
✓ built in 3.26s
